// Vitest Snapshot v1

exports[`utils function > getAllBreadcrumbList 1`] = `
{
  "/form": [
    {
      "children": [
        {
          "component": "/form/customFrom/index",
          "meta": {
            "icon": "SetUp",
            "isAffix": false,
            "isFull": false,
            "isHide": false,
            "isKeepAlive": true,
            "isLink": "",
            "title": "配置化 form",
          },
          "name": "customFrom",
          "path": "/form/customFrom",
        },
      ],
      "meta": {
        "icon": "Tickets",
        "isAffix": false,
        "isFull": false,
        "isHide": false,
        "isKeepAlive": true,
        "isLink": "",
        "title": "form 表单",
      },
      "name": "form",
      "path": "/form",
      "redirect": "/form/customFrom",
    },
  ],
  "/form/customFrom": [
    {
      "children": [
        {
          "component": "/form/customFrom/index",
          "meta": {
            "icon": "SetUp",
            "isAffix": false,
            "isFull": false,
            "isHide": false,
            "isKeepAlive": true,
            "isLink": "",
            "title": "配置化 form",
          },
          "name": "customFrom",
          "path": "/form/customFrom",
        },
      ],
      "meta": {
        "icon": "Tickets",
        "isAffix": false,
        "isFull": false,
        "isHide": false,
        "isKeepAlive": true,
        "isLink": "",
        "title": "form 表单",
      },
      "name": "form",
      "path": "/form",
      "redirect": "/form/customFrom",
    },
    {
      "component": "/form/customFrom/index",
      "meta": {
        "icon": "SetUp",
        "isAffix": false,
        "isFull": false,
        "isHide": false,
        "isKeepAlive": true,
        "isLink": "",
        "title": "配置化 form",
      },
      "name": "customFrom",
      "path": "/form/customFrom",
    },
  ],
  "/home/index": [
    {
      "component": "/home/index",
      "meta": {
        "icon": "HomeFilled",
        "isAffix": true,
        "isFull": false,
        "isHide": false,
        "isKeepAlive": true,
        "isLink": "",
        "title": "首页",
      },
      "name": "home",
      "path": "/home/index",
    },
  ],
  "/link": [
    {
      "children": [
        {
          "component": "/link/github/index",
          "meta": {
            "icon": "Share",
            "isAffix": false,
            "isFull": false,
            "isHide": false,
            "isKeepAlive": true,
            "isLink": "https://github.com/hdw0504/v3-admin",
            "title": "GitHub 仓库",
          },
          "name": "github",
          "path": "/link/github",
        },
      ],
      "meta": {
        "icon": "Paperclip",
        "isAffix": false,
        "isFull": false,
        "isHide": false,
        "isKeepAlive": true,
        "isLink": "",
        "title": "外部链接",
      },
      "name": "link",
      "path": "/link",
      "redirect": "/link/github",
    },
  ],
  "/link/github": [
    {
      "children": [
        {
          "component": "/link/github/index",
          "meta": {
            "icon": "Share",
            "isAffix": false,
            "isFull": false,
            "isHide": false,
            "isKeepAlive": true,
            "isLink": "https://github.com/hdw0504/v3-admin",
            "title": "GitHub 仓库",
          },
          "name": "github",
          "path": "/link/github",
        },
      ],
      "meta": {
        "icon": "Paperclip",
        "isAffix": false,
        "isFull": false,
        "isHide": false,
        "isKeepAlive": true,
        "isLink": "",
        "title": "外部链接",
      },
      "name": "link",
      "path": "/link",
      "redirect": "/link/github",
    },
    {
      "component": "/link/github/index",
      "meta": {
        "icon": "Share",
        "isAffix": false,
        "isFull": false,
        "isHide": false,
        "isKeepAlive": true,
        "isLink": "https://github.com/hdw0504/v3-admin",
        "title": "GitHub 仓库",
      },
      "name": "github",
      "path": "/link/github",
    },
  ],
  "/other": [
    {
      "children": [
        {
          "component": "/other/comment/index",
          "meta": {
            "icon": "Comment",
            "isAffix": false,
            "isFull": false,
            "isHide": false,
            "isKeepAlive": true,
            "isLink": "",
            "title": "组件通信",
          },
          "name": "Comment",
          "path": "/other/comment",
        },
        {
          "component": "/other/vueuse/index",
          "meta": {
            "icon": "HotWater",
            "isAffix": false,
            "isFull": false,
            "isHide": false,
            "isKeepAlive": true,
            "isLink": "",
            "title": "vueuse",
          },
          "name": "vueuse",
          "path": "/other/vueuse",
        },
        {
          "component": "/other/canvas/index",
          "meta": {
            "icon": "Picture",
            "isAffix": false,
            "isFull": false,
            "isHide": false,
            "isKeepAlive": true,
            "isLink": "",
            "title": "canvas",
          },
          "name": "canvas",
          "path": "/other/canvas",
        },
        {
          "component": "/other/loop/index",
          "meta": {
            "icon": "Box",
            "isAffix": true,
            "isFull": false,
            "isHide": false,
            "isKeepAlive": true,
            "isLink": "",
            "title": "递归组件",
          },
          "name": "loop",
          "path": "/other/loop",
        },
      ],
      "meta": {
        "icon": "Document",
        "isAffix": false,
        "isFull": false,
        "isHide": false,
        "isKeepAlive": true,
        "isLink": "",
        "title": "其他",
      },
      "name": "other",
      "path": "/other",
      "redirect": "/other/comment",
    },
  ],
  "/other/canvas": [
    {
      "children": [
        {
          "component": "/other/comment/index",
          "meta": {
            "icon": "Comment",
            "isAffix": false,
            "isFull": false,
            "isHide": false,
            "isKeepAlive": true,
            "isLink": "",
            "title": "组件通信",
          },
          "name": "Comment",
          "path": "/other/comment",
        },
        {
          "component": "/other/vueuse/index",
          "meta": {
            "icon": "HotWater",
            "isAffix": false,
            "isFull": false,
            "isHide": false,
            "isKeepAlive": true,
            "isLink": "",
            "title": "vueuse",
          },
          "name": "vueuse",
          "path": "/other/vueuse",
        },
        {
          "component": "/other/canvas/index",
          "meta": {
            "icon": "Picture",
            "isAffix": false,
            "isFull": false,
            "isHide": false,
            "isKeepAlive": true,
            "isLink": "",
            "title": "canvas",
          },
          "name": "canvas",
          "path": "/other/canvas",
        },
        {
          "component": "/other/loop/index",
          "meta": {
            "icon": "Box",
            "isAffix": true,
            "isFull": false,
            "isHide": false,
            "isKeepAlive": true,
            "isLink": "",
            "title": "递归组件",
          },
          "name": "loop",
          "path": "/other/loop",
        },
      ],
      "meta": {
        "icon": "Document",
        "isAffix": false,
        "isFull": false,
        "isHide": false,
        "isKeepAlive": true,
        "isLink": "",
        "title": "其他",
      },
      "name": "other",
      "path": "/other",
      "redirect": "/other/comment",
    },
    {
      "component": "/other/canvas/index",
      "meta": {
        "icon": "Picture",
        "isAffix": false,
        "isFull": false,
        "isHide": false,
        "isKeepAlive": true,
        "isLink": "",
        "title": "canvas",
      },
      "name": "canvas",
      "path": "/other/canvas",
    },
  ],
  "/other/comment": [
    {
      "children": [
        {
          "component": "/other/comment/index",
          "meta": {
            "icon": "Comment",
            "isAffix": false,
            "isFull": false,
            "isHide": false,
            "isKeepAlive": true,
            "isLink": "",
            "title": "组件通信",
          },
          "name": "Comment",
          "path": "/other/comment",
        },
        {
          "component": "/other/vueuse/index",
          "meta": {
            "icon": "HotWater",
            "isAffix": false,
            "isFull": false,
            "isHide": false,
            "isKeepAlive": true,
            "isLink": "",
            "title": "vueuse",
          },
          "name": "vueuse",
          "path": "/other/vueuse",
        },
        {
          "component": "/other/canvas/index",
          "meta": {
            "icon": "Picture",
            "isAffix": false,
            "isFull": false,
            "isHide": false,
            "isKeepAlive": true,
            "isLink": "",
            "title": "canvas",
          },
          "name": "canvas",
          "path": "/other/canvas",
        },
        {
          "component": "/other/loop/index",
          "meta": {
            "icon": "Box",
            "isAffix": true,
            "isFull": false,
            "isHide": false,
            "isKeepAlive": true,
            "isLink": "",
            "title": "递归组件",
          },
          "name": "loop",
          "path": "/other/loop",
        },
      ],
      "meta": {
        "icon": "Document",
        "isAffix": false,
        "isFull": false,
        "isHide": false,
        "isKeepAlive": true,
        "isLink": "",
        "title": "其他",
      },
      "name": "other",
      "path": "/other",
      "redirect": "/other/comment",
    },
    {
      "component": "/other/comment/index",
      "meta": {
        "icon": "Comment",
        "isAffix": false,
        "isFull": false,
        "isHide": false,
        "isKeepAlive": true,
        "isLink": "",
        "title": "组件通信",
      },
      "name": "Comment",
      "path": "/other/comment",
    },
  ],
  "/other/loop": [
    {
      "children": [
        {
          "component": "/other/comment/index",
          "meta": {
            "icon": "Comment",
            "isAffix": false,
            "isFull": false,
            "isHide": false,
            "isKeepAlive": true,
            "isLink": "",
            "title": "组件通信",
          },
          "name": "Comment",
          "path": "/other/comment",
        },
        {
          "component": "/other/vueuse/index",
          "meta": {
            "icon": "HotWater",
            "isAffix": false,
            "isFull": false,
            "isHide": false,
            "isKeepAlive": true,
            "isLink": "",
            "title": "vueuse",
          },
          "name": "vueuse",
          "path": "/other/vueuse",
        },
        {
          "component": "/other/canvas/index",
          "meta": {
            "icon": "Picture",
            "isAffix": false,
            "isFull": false,
            "isHide": false,
            "isKeepAlive": true,
            "isLink": "",
            "title": "canvas",
          },
          "name": "canvas",
          "path": "/other/canvas",
        },
        {
          "component": "/other/loop/index",
          "meta": {
            "icon": "Box",
            "isAffix": true,
            "isFull": false,
            "isHide": false,
            "isKeepAlive": true,
            "isLink": "",
            "title": "递归组件",
          },
          "name": "loop",
          "path": "/other/loop",
        },
      ],
      "meta": {
        "icon": "Document",
        "isAffix": false,
        "isFull": false,
        "isHide": false,
        "isKeepAlive": true,
        "isLink": "",
        "title": "其他",
      },
      "name": "other",
      "path": "/other",
      "redirect": "/other/comment",
    },
    {
      "component": "/other/loop/index",
      "meta": {
        "icon": "Box",
        "isAffix": true,
        "isFull": false,
        "isHide": false,
        "isKeepAlive": true,
        "isLink": "",
        "title": "递归组件",
      },
      "name": "loop",
      "path": "/other/loop",
    },
  ],
  "/other/vueuse": [
    {
      "children": [
        {
          "component": "/other/comment/index",
          "meta": {
            "icon": "Comment",
            "isAffix": false,
            "isFull": false,
            "isHide": false,
            "isKeepAlive": true,
            "isLink": "",
            "title": "组件通信",
          },
          "name": "Comment",
          "path": "/other/comment",
        },
        {
          "component": "/other/vueuse/index",
          "meta": {
            "icon": "HotWater",
            "isAffix": false,
            "isFull": false,
            "isHide": false,
            "isKeepAlive": true,
            "isLink": "",
            "title": "vueuse",
          },
          "name": "vueuse",
          "path": "/other/vueuse",
        },
        {
          "component": "/other/canvas/index",
          "meta": {
            "icon": "Picture",
            "isAffix": false,
            "isFull": false,
            "isHide": false,
            "isKeepAlive": true,
            "isLink": "",
            "title": "canvas",
          },
          "name": "canvas",
          "path": "/other/canvas",
        },
        {
          "component": "/other/loop/index",
          "meta": {
            "icon": "Box",
            "isAffix": true,
            "isFull": false,
            "isHide": false,
            "isKeepAlive": true,
            "isLink": "",
            "title": "递归组件",
          },
          "name": "loop",
          "path": "/other/loop",
        },
      ],
      "meta": {
        "icon": "Document",
        "isAffix": false,
        "isFull": false,
        "isHide": false,
        "isKeepAlive": true,
        "isLink": "",
        "title": "其他",
      },
      "name": "other",
      "path": "/other",
      "redirect": "/other/comment",
    },
    {
      "component": "/other/vueuse/index",
      "meta": {
        "icon": "HotWater",
        "isAffix": false,
        "isFull": false,
        "isHide": false,
        "isKeepAlive": true,
        "isLink": "",
        "title": "vueuse",
      },
      "name": "vueuse",
      "path": "/other/vueuse",
    },
  ],
  "/table": [
    {
      "children": [
        {
          "component": "/table/default/index",
          "meta": {
            "icon": "SetUp",
            "isAffix": false,
            "isFull": false,
            "isHide": false,
            "isKeepAlive": true,
            "isLink": "",
            "title": "配置化 table",
          },
          "name": "tableDefault",
          "path": "/table/default",
        },
      ],
      "meta": {
        "icon": "List",
        "isAffix": false,
        "isFull": false,
        "isHide": false,
        "isKeepAlive": true,
        "isLink": "",
        "title": "table 表格",
      },
      "name": "table",
      "path": "/table",
      "redirect": "/table/default",
    },
  ],
  "/table/default": [
    {
      "children": [
        {
          "component": "/table/default/index",
          "meta": {
            "icon": "SetUp",
            "isAffix": false,
            "isFull": false,
            "isHide": false,
            "isKeepAlive": true,
            "isLink": "",
            "title": "配置化 table",
          },
          "name": "tableDefault",
          "path": "/table/default",
        },
      ],
      "meta": {
        "icon": "List",
        "isAffix": false,
        "isFull": false,
        "isHide": false,
        "isKeepAlive": true,
        "isLink": "",
        "title": "table 表格",
      },
      "name": "table",
      "path": "/table",
      "redirect": "/table/default",
    },
    {
      "component": "/table/default/index",
      "meta": {
        "icon": "SetUp",
        "isAffix": false,
        "isFull": false,
        "isHide": false,
        "isKeepAlive": true,
        "isLink": "",
        "title": "配置化 table",
      },
      "name": "tableDefault",
      "path": "/table/default",
    },
  ],
}
`;

exports[`utils function > getAllBreadcrumbList 2`] = `
{
  "/form": [
    {
      "children": [
        {
          "component": "/form/customFrom/index",
          "meta": {
            "icon": "SetUp",
            "isAffix": false,
            "isFull": false,
            "isHide": false,
            "isKeepAlive": true,
            "isLink": "",
            "title": "配置化 form",
          },
          "name": "customFrom",
          "path": "/form/customFrom",
        },
      ],
      "meta": {
        "icon": "Tickets",
        "isAffix": false,
        "isFull": false,
        "isHide": false,
        "isKeepAlive": true,
        "isLink": "",
        "title": "form 表单",
      },
      "name": "form",
      "path": "/form",
      "redirect": "/form/customFrom",
    },
  ],
  "/form/customFrom": [
    {
      "children": [
        {
          "component": "/form/customFrom/index",
          "meta": {
            "icon": "SetUp",
            "isAffix": false,
            "isFull": false,
            "isHide": false,
            "isKeepAlive": true,
            "isLink": "",
            "title": "配置化 form",
          },
          "name": "customFrom",
          "path": "/form/customFrom",
        },
      ],
      "meta": {
        "icon": "Tickets",
        "isAffix": false,
        "isFull": false,
        "isHide": false,
        "isKeepAlive": true,
        "isLink": "",
        "title": "form 表单",
      },
      "name": "form",
      "path": "/form",
      "redirect": "/form/customFrom",
    },
    {
      "component": "/form/customFrom/index",
      "meta": {
        "icon": "SetUp",
        "isAffix": false,
        "isFull": false,
        "isHide": false,
        "isKeepAlive": true,
        "isLink": "",
        "title": "配置化 form",
      },
      "name": "customFrom",
      "path": "/form/customFrom",
    },
  ],
  "/home/index": [
    {
      "component": "/home/index",
      "meta": {
        "icon": "HomeFilled",
        "isAffix": true,
        "isFull": false,
        "isHide": false,
        "isKeepAlive": true,
        "isLink": "",
        "title": "首页",
      },
      "name": "home",
      "path": "/home/index",
    },
  ],
  "/link": [
    {
      "children": [
        {
          "component": "/link/github/index",
          "meta": {
            "icon": "Share",
            "isAffix": false,
            "isFull": false,
            "isHide": false,
            "isKeepAlive": true,
            "isLink": "https://github.com/hdw0504/v3-admin",
            "title": "GitHub 仓库",
          },
          "name": "github",
          "path": "/link/github",
        },
      ],
      "meta": {
        "icon": "Paperclip",
        "isAffix": false,
        "isFull": false,
        "isHide": false,
        "isKeepAlive": true,
        "isLink": "",
        "title": "外部链接",
      },
      "name": "link",
      "path": "/link",
      "redirect": "/link/github",
    },
  ],
  "/link/github": [
    {
      "children": [
        {
          "component": "/link/github/index",
          "meta": {
            "icon": "Share",
            "isAffix": false,
            "isFull": false,
            "isHide": false,
            "isKeepAlive": true,
            "isLink": "https://github.com/hdw0504/v3-admin",
            "title": "GitHub 仓库",
          },
          "name": "github",
          "path": "/link/github",
        },
      ],
      "meta": {
        "icon": "Paperclip",
        "isAffix": false,
        "isFull": false,
        "isHide": false,
        "isKeepAlive": true,
        "isLink": "",
        "title": "外部链接",
      },
      "name": "link",
      "path": "/link",
      "redirect": "/link/github",
    },
    {
      "component": "/link/github/index",
      "meta": {
        "icon": "Share",
        "isAffix": false,
        "isFull": false,
        "isHide": false,
        "isKeepAlive": true,
        "isLink": "https://github.com/hdw0504/v3-admin",
        "title": "GitHub 仓库",
      },
      "name": "github",
      "path": "/link/github",
    },
  ],
  "/other": [
    {
      "children": [
        {
          "component": "/other/comment/index",
          "meta": {
            "icon": "Comment",
            "isAffix": false,
            "isFull": false,
            "isHide": false,
            "isKeepAlive": true,
            "isLink": "",
            "title": "组件通信",
          },
          "name": "Comment",
          "path": "/other/comment",
        },
        {
          "component": "/other/vueuse/index",
          "meta": {
            "icon": "HotWater",
            "isAffix": false,
            "isFull": false,
            "isHide": false,
            "isKeepAlive": true,
            "isLink": "",
            "title": "vueuse",
          },
          "name": "vueuse",
          "path": "/other/vueuse",
        },
        {
          "component": "/other/canvas/index",
          "meta": {
            "icon": "Picture",
            "isAffix": false,
            "isFull": false,
            "isHide": false,
            "isKeepAlive": true,
            "isLink": "",
            "title": "canvas",
          },
          "name": "canvas",
          "path": "/other/canvas",
        },
        {
          "component": "/other/loop/index",
          "meta": {
            "icon": "Box",
            "isAffix": true,
            "isFull": false,
            "isHide": false,
            "isKeepAlive": true,
            "isLink": "",
            "title": "递归组件",
          },
          "name": "loop",
          "path": "/other/loop",
        },
      ],
      "meta": {
        "icon": "Document",
        "isAffix": false,
        "isFull": false,
        "isHide": false,
        "isKeepAlive": true,
        "isLink": "",
        "title": "其他",
      },
      "name": "other",
      "path": "/other",
      "redirect": "/other/comment",
    },
  ],
  "/other/canvas": [
    {
      "children": [
        {
          "component": "/other/comment/index",
          "meta": {
            "icon": "Comment",
            "isAffix": false,
            "isFull": false,
            "isHide": false,
            "isKeepAlive": true,
            "isLink": "",
            "title": "组件通信",
          },
          "name": "Comment",
          "path": "/other/comment",
        },
        {
          "component": "/other/vueuse/index",
          "meta": {
            "icon": "HotWater",
            "isAffix": false,
            "isFull": false,
            "isHide": false,
            "isKeepAlive": true,
            "isLink": "",
            "title": "vueuse",
          },
          "name": "vueuse",
          "path": "/other/vueuse",
        },
        {
          "component": "/other/canvas/index",
          "meta": {
            "icon": "Picture",
            "isAffix": false,
            "isFull": false,
            "isHide": false,
            "isKeepAlive": true,
            "isLink": "",
            "title": "canvas",
          },
          "name": "canvas",
          "path": "/other/canvas",
        },
        {
          "component": "/other/loop/index",
          "meta": {
            "icon": "Box",
            "isAffix": true,
            "isFull": false,
            "isHide": false,
            "isKeepAlive": true,
            "isLink": "",
            "title": "递归组件",
          },
          "name": "loop",
          "path": "/other/loop",
        },
      ],
      "meta": {
        "icon": "Document",
        "isAffix": false,
        "isFull": false,
        "isHide": false,
        "isKeepAlive": true,
        "isLink": "",
        "title": "其他",
      },
      "name": "other",
      "path": "/other",
      "redirect": "/other/comment",
    },
    {
      "component": "/other/canvas/index",
      "meta": {
        "icon": "Picture",
        "isAffix": false,
        "isFull": false,
        "isHide": false,
        "isKeepAlive": true,
        "isLink": "",
        "title": "canvas",
      },
      "name": "canvas",
      "path": "/other/canvas",
    },
  ],
  "/other/comment": [
    {
      "children": [
        {
          "component": "/other/comment/index",
          "meta": {
            "icon": "Comment",
            "isAffix": false,
            "isFull": false,
            "isHide": false,
            "isKeepAlive": true,
            "isLink": "",
            "title": "组件通信",
          },
          "name": "Comment",
          "path": "/other/comment",
        },
        {
          "component": "/other/vueuse/index",
          "meta": {
            "icon": "HotWater",
            "isAffix": false,
            "isFull": false,
            "isHide": false,
            "isKeepAlive": true,
            "isLink": "",
            "title": "vueuse",
          },
          "name": "vueuse",
          "path": "/other/vueuse",
        },
        {
          "component": "/other/canvas/index",
          "meta": {
            "icon": "Picture",
            "isAffix": false,
            "isFull": false,
            "isHide": false,
            "isKeepAlive": true,
            "isLink": "",
            "title": "canvas",
          },
          "name": "canvas",
          "path": "/other/canvas",
        },
        {
          "component": "/other/loop/index",
          "meta": {
            "icon": "Box",
            "isAffix": true,
            "isFull": false,
            "isHide": false,
            "isKeepAlive": true,
            "isLink": "",
            "title": "递归组件",
          },
          "name": "loop",
          "path": "/other/loop",
        },
      ],
      "meta": {
        "icon": "Document",
        "isAffix": false,
        "isFull": false,
        "isHide": false,
        "isKeepAlive": true,
        "isLink": "",
        "title": "其他",
      },
      "name": "other",
      "path": "/other",
      "redirect": "/other/comment",
    },
    {
      "component": "/other/comment/index",
      "meta": {
        "icon": "Comment",
        "isAffix": false,
        "isFull": false,
        "isHide": false,
        "isKeepAlive": true,
        "isLink": "",
        "title": "组件通信",
      },
      "name": "Comment",
      "path": "/other/comment",
    },
  ],
  "/other/loop": [
    {
      "children": [
        {
          "component": "/other/comment/index",
          "meta": {
            "icon": "Comment",
            "isAffix": false,
            "isFull": false,
            "isHide": false,
            "isKeepAlive": true,
            "isLink": "",
            "title": "组件通信",
          },
          "name": "Comment",
          "path": "/other/comment",
        },
        {
          "component": "/other/vueuse/index",
          "meta": {
            "icon": "HotWater",
            "isAffix": false,
            "isFull": false,
            "isHide": false,
            "isKeepAlive": true,
            "isLink": "",
            "title": "vueuse",
          },
          "name": "vueuse",
          "path": "/other/vueuse",
        },
        {
          "component": "/other/canvas/index",
          "meta": {
            "icon": "Picture",
            "isAffix": false,
            "isFull": false,
            "isHide": false,
            "isKeepAlive": true,
            "isLink": "",
            "title": "canvas",
          },
          "name": "canvas",
          "path": "/other/canvas",
        },
        {
          "component": "/other/loop/index",
          "meta": {
            "icon": "Box",
            "isAffix": true,
            "isFull": false,
            "isHide": false,
            "isKeepAlive": true,
            "isLink": "",
            "title": "递归组件",
          },
          "name": "loop",
          "path": "/other/loop",
        },
      ],
      "meta": {
        "icon": "Document",
        "isAffix": false,
        "isFull": false,
        "isHide": false,
        "isKeepAlive": true,
        "isLink": "",
        "title": "其他",
      },
      "name": "other",
      "path": "/other",
      "redirect": "/other/comment",
    },
    {
      "component": "/other/loop/index",
      "meta": {
        "icon": "Box",
        "isAffix": true,
        "isFull": false,
        "isHide": false,
        "isKeepAlive": true,
        "isLink": "",
        "title": "递归组件",
      },
      "name": "loop",
      "path": "/other/loop",
    },
  ],
  "/other/vueuse": [
    {
      "children": [
        {
          "component": "/other/comment/index",
          "meta": {
            "icon": "Comment",
            "isAffix": false,
            "isFull": false,
            "isHide": false,
            "isKeepAlive": true,
            "isLink": "",
            "title": "组件通信",
          },
          "name": "Comment",
          "path": "/other/comment",
        },
        {
          "component": "/other/vueuse/index",
          "meta": {
            "icon": "HotWater",
            "isAffix": false,
            "isFull": false,
            "isHide": false,
            "isKeepAlive": true,
            "isLink": "",
            "title": "vueuse",
          },
          "name": "vueuse",
          "path": "/other/vueuse",
        },
        {
          "component": "/other/canvas/index",
          "meta": {
            "icon": "Picture",
            "isAffix": false,
            "isFull": false,
            "isHide": false,
            "isKeepAlive": true,
            "isLink": "",
            "title": "canvas",
          },
          "name": "canvas",
          "path": "/other/canvas",
        },
        {
          "component": "/other/loop/index",
          "meta": {
            "icon": "Box",
            "isAffix": true,
            "isFull": false,
            "isHide": false,
            "isKeepAlive": true,
            "isLink": "",
            "title": "递归组件",
          },
          "name": "loop",
          "path": "/other/loop",
        },
      ],
      "meta": {
        "icon": "Document",
        "isAffix": false,
        "isFull": false,
        "isHide": false,
        "isKeepAlive": true,
        "isLink": "",
        "title": "其他",
      },
      "name": "other",
      "path": "/other",
      "redirect": "/other/comment",
    },
    {
      "component": "/other/vueuse/index",
      "meta": {
        "icon": "HotWater",
        "isAffix": false,
        "isFull": false,
        "isHide": false,
        "isKeepAlive": true,
        "isLink": "",
        "title": "vueuse",
      },
      "name": "vueuse",
      "path": "/other/vueuse",
    },
  ],
  "/table": [
    {
      "children": [
        {
          "component": "/table/default/index",
          "meta": {
            "icon": "SetUp",
            "isAffix": false,
            "isFull": false,
            "isHide": false,
            "isKeepAlive": true,
            "isLink": "",
            "title": "配置化 table",
          },
          "name": "tableDefault",
          "path": "/table/default",
        },
      ],
      "meta": {
        "icon": "List",
        "isAffix": false,
        "isFull": false,
        "isHide": false,
        "isKeepAlive": true,
        "isLink": "",
        "title": "table 表格",
      },
      "name": "table",
      "path": "/table",
      "redirect": "/table/default",
    },
  ],
  "/table/default": [
    {
      "children": [
        {
          "component": "/table/default/index",
          "meta": {
            "icon": "SetUp",
            "isAffix": false,
            "isFull": false,
            "isHide": false,
            "isKeepAlive": true,
            "isLink": "",
            "title": "配置化 table",
          },
          "name": "tableDefault",
          "path": "/table/default",
        },
      ],
      "meta": {
        "icon": "List",
        "isAffix": false,
        "isFull": false,
        "isHide": false,
        "isKeepAlive": true,
        "isLink": "",
        "title": "table 表格",
      },
      "name": "table",
      "path": "/table",
      "redirect": "/table/default",
    },
    {
      "component": "/table/default/index",
      "meta": {
        "icon": "SetUp",
        "isAffix": false,
        "isFull": false,
        "isHide": false,
        "isKeepAlive": true,
        "isLink": "",
        "title": "配置化 table",
      },
      "name": "tableDefault",
      "path": "/table/default",
    },
  ],
}
`;
